// Jest Snapshot v1, https://goo.gl/fbAQLP

exports[`<App/> shoudld render and match the snapshot 1`] = `
<div>
  <ResultNegative />
</div>
`;
